Archive member included to satisfy reference by file (symbol)

c:/program files (x86)/atmel/studio/7.0/toolchain/avr8/avr8-gnu-toolchain/bin/../lib/gcc/avr/5.4.0/avr5\libgcc.a(_exit.o)
                              C:/Program Files (x86)/Atmel/Studio/7.0/Packs/atmel/ATmega_DFP/1.7.374/gcc/dev/atmega32a/avr5/crtatmega32a.o (exit)
c:/program files (x86)/atmel/studio/7.0/toolchain/avr8/avr8-gnu-toolchain/bin/../lib/gcc/avr/5.4.0/avr5\libgcc.a(_clear_bss.o)
                              Application/app.o (__do_clear_bss)

Discarded input sections

 .data          0x00000000        0x0 C:/Program Files (x86)/Atmel/Studio/7.0/Packs/atmel/ATmega_DFP/1.7.374/gcc/dev/atmega32a/avr5/crtatmega32a.o
 .bss           0x00000000        0x0 C:/Program Files (x86)/Atmel/Studio/7.0/Packs/atmel/ATmega_DFP/1.7.374/gcc/dev/atmega32a/avr5/crtatmega32a.o
 .text          0x00000000        0x0 Application/app.o
 .data          0x00000000        0x0 Application/app.o
 .bss           0x00000000        0x0 Application/app.o
 .text.interrupt_init.1645
                0x00000000       0x1a Application/app.o
 .text.app_init
                0x00000000       0x6c Application/app.o
 .text.app_start
                0x00000000       0xdc Application/app.o
 .text          0x00000000        0x0 ECUAL/Button_Driver/BUTTON.o
 .data          0x00000000        0x0 ECUAL/Button_Driver/BUTTON.o
 .bss           0x00000000        0x0 ECUAL/Button_Driver/BUTTON.o
 .text.BUTTON_init
                0x00000000        0x8 ECUAL/Button_Driver/BUTTON.o
 .text.BuTTON_read
                0x00000000        0x6 ECUAL/Button_Driver/BUTTON.o
 .debug_info    0x00000000      0x14f ECUAL/Button_Driver/BUTTON.o
 .debug_abbrev  0x00000000       0x94 ECUAL/Button_Driver/BUTTON.o
 .debug_loc     0x00000000       0xaa ECUAL/Button_Driver/BUTTON.o
 .debug_aranges
                0x00000000       0x28 ECUAL/Button_Driver/BUTTON.o
 .debug_ranges  0x00000000       0x18 ECUAL/Button_Driver/BUTTON.o
 .debug_line    0x00000000       0xed ECUAL/Button_Driver/BUTTON.o
 .debug_str     0x00000000      0x1e9 ECUAL/Button_Driver/BUTTON.o
 .comment       0x00000000       0x31 ECUAL/Button_Driver/BUTTON.o
 .debug_frame   0x00000000       0x34 ECUAL/Button_Driver/BUTTON.o
 .text          0x00000000        0x0 ECUAL/LED_Driver/LED.o
 .data          0x00000000        0x0 ECUAL/LED_Driver/LED.o
 .bss           0x00000000        0x0 ECUAL/LED_Driver/LED.o
 .text.LED_init
                0x00000000        0x8 ECUAL/LED_Driver/LED.o
 .text.LED_on   0x00000000        0x8 ECUAL/LED_Driver/LED.o
 .text.LED_off  0x00000000        0x8 ECUAL/LED_Driver/LED.o
 .text          0x00000000        0x0 main.o
 .data          0x00000000        0x0 main.o
 .bss           0x00000000        0x0 main.o
 .text          0x00000000        0x0 MCAL/DIO_Driver/DIO.o
 .data          0x00000000        0x0 MCAL/DIO_Driver/DIO.o
 .bss           0x00000000        0x0 MCAL/DIO_Driver/DIO.o
 .text.DIO_read
                0x00000000       0x7e MCAL/DIO_Driver/DIO.o
 .text          0x00000000        0x0 MCAL/Timer_Driver/Timers.o
 .data          0x00000000        0x0 MCAL/Timer_Driver/Timers.o
 .bss           0x00000000        0x0 MCAL/Timer_Driver/Timers.o
 .text.TIMER_2_initialization
                0x00000000       0x26 MCAL/Timer_Driver/Timers.o
 .text.TIMER2_delay
                0x00000000       0x30 MCAL/Timer_Driver/Timers.o
 .text          0x00000000        0x0 Test/test.o
 .data          0x00000000        0x0 Test/test.o
 .bss           0x00000000        0x0 Test/test.o
 .text          0x00000000        0x0 c:/program files (x86)/atmel/studio/7.0/toolchain/avr8/avr8-gnu-toolchain/bin/../lib/gcc/avr/5.4.0/avr5\libgcc.a(_exit.o)
 .data          0x00000000        0x0 c:/program files (x86)/atmel/studio/7.0/toolchain/avr8/avr8-gnu-toolchain/bin/../lib/gcc/avr/5.4.0/avr5\libgcc.a(_exit.o)
 .bss           0x00000000        0x0 c:/program files (x86)/atmel/studio/7.0/toolchain/avr8/avr8-gnu-toolchain/bin/../lib/gcc/avr/5.4.0/avr5\libgcc.a(_exit.o)
 .text.libgcc.mul
                0x00000000        0x0 c:/program files (x86)/atmel/studio/7.0/toolchain/avr8/avr8-gnu-toolchain/bin/../lib/gcc/avr/5.4.0/avr5\libgcc.a(_exit.o)
 .text.libgcc.div
                0x00000000        0x0 c:/program files (x86)/atmel/studio/7.0/toolchain/avr8/avr8-gnu-toolchain/bin/../lib/gcc/avr/5.4.0/avr5\libgcc.a(_exit.o)
 .text.libgcc   0x00000000        0x0 c:/program files (x86)/atmel/studio/7.0/toolchain/avr8/avr8-gnu-toolchain/bin/../lib/gcc/avr/5.4.0/avr5\libgcc.a(_exit.o)
 .text.libgcc.prologue
                0x00000000        0x0 c:/program files (x86)/atmel/studio/7.0/toolchain/avr8/avr8-gnu-toolchain/bin/../lib/gcc/avr/5.4.0/avr5\libgcc.a(_exit.o)
 .text.libgcc.builtins
                0x00000000        0x0 c:/program files (x86)/atmel/studio/7.0/toolchain/avr8/avr8-gnu-toolchain/bin/../lib/gcc/avr/5.4.0/avr5\libgcc.a(_exit.o)
 .text.libgcc.fmul
                0x00000000        0x0 c:/program files (x86)/atmel/studio/7.0/toolchain/avr8/avr8-gnu-toolchain/bin/../lib/gcc/avr/5.4.0/avr5\libgcc.a(_exit.o)
 .text.libgcc.fixed
                0x00000000        0x0 c:/program files (x86)/atmel/studio/7.0/toolchain/avr8/avr8-gnu-toolchain/bin/../lib/gcc/avr/5.4.0/avr5\libgcc.a(_exit.o)
 .text          0x00000000        0x0 c:/program files (x86)/atmel/studio/7.0/toolchain/avr8/avr8-gnu-toolchain/bin/../lib/gcc/avr/5.4.0/avr5\libgcc.a(_clear_bss.o)
 .data          0x00000000        0x0 c:/program files (x86)/atmel/studio/7.0/toolchain/avr8/avr8-gnu-toolchain/bin/../lib/gcc/avr/5.4.0/avr5\libgcc.a(_clear_bss.o)
 .bss           0x00000000        0x0 c:/program files (x86)/atmel/studio/7.0/toolchain/avr8/avr8-gnu-toolchain/bin/../lib/gcc/avr/5.4.0/avr5\libgcc.a(_clear_bss.o)
 .text.libgcc.mul
                0x00000000        0x0 c:/program files (x86)/atmel/studio/7.0/toolchain/avr8/avr8-gnu-toolchain/bin/../lib/gcc/avr/5.4.0/avr5\libgcc.a(_clear_bss.o)
 .text.libgcc.div
                0x00000000        0x0 c:/program files (x86)/atmel/studio/7.0/toolchain/avr8/avr8-gnu-toolchain/bin/../lib/gcc/avr/5.4.0/avr5\libgcc.a(_clear_bss.o)
 .text.libgcc   0x00000000        0x0 c:/program files (x86)/atmel/studio/7.0/toolchain/avr8/avr8-gnu-toolchain/bin/../lib/gcc/avr/5.4.0/avr5\libgcc.a(_clear_bss.o)
 .text.libgcc.prologue
                0x00000000        0x0 c:/program files (x86)/atmel/studio/7.0/toolchain/avr8/avr8-gnu-toolchain/bin/../lib/gcc/avr/5.4.0/avr5\libgcc.a(_clear_bss.o)
 .text.libgcc.builtins
                0x00000000        0x0 c:/program files (x86)/atmel/studio/7.0/toolchain/avr8/avr8-gnu-toolchain/bin/../lib/gcc/avr/5.4.0/avr5\libgcc.a(_clear_bss.o)
 .text.libgcc.fmul
                0x00000000        0x0 c:/program files (x86)/atmel/studio/7.0/toolchain/avr8/avr8-gnu-toolchain/bin/../lib/gcc/avr/5.4.0/avr5\libgcc.a(_clear_bss.o)
 .text.libgcc.fixed
                0x00000000        0x0 c:/program files (x86)/atmel/studio/7.0/toolchain/avr8/avr8-gnu-toolchain/bin/../lib/gcc/avr/5.4.0/avr5\libgcc.a(_clear_bss.o)

Memory Configuration

Name             Origin             Length             Attributes
text             0x00000000         0x00008000         xr
data             0x00800060         0x00000800         rw !x
eeprom           0x00810000         0x00000400         rw !x
fuse             0x00820000         0x00000002         rw !x
lock             0x00830000         0x00000400         rw !x
signature        0x00840000         0x00000400         rw !x
user_signatures  0x00850000         0x00000400         rw !x
*default*        0x00000000         0xffffffff

Linker script and memory map

LOAD C:/Program Files (x86)/Atmel/Studio/7.0/Packs/atmel/ATmega_DFP/1.7.374/gcc/dev/atmega32a/avr5/crtatmega32a.o
LOAD Application/app.o
LOAD ECUAL/Button_Driver/BUTTON.o
LOAD ECUAL/LED_Driver/LED.o
LOAD main.o
LOAD MCAL/DIO_Driver/DIO.o
LOAD MCAL/Timer_Driver/Timers.o
LOAD Test/test.o
START GROUP
LOAD c:/program files (x86)/atmel/studio/7.0/toolchain/avr8/avr8-gnu-toolchain/bin/../lib/gcc/avr/5.4.0/../../../../avr/lib/avr5\libm.a
END GROUP
START GROUP
LOAD c:/program files (x86)/atmel/studio/7.0/toolchain/avr8/avr8-gnu-toolchain/bin/../lib/gcc/avr/5.4.0/avr5\libgcc.a
LOAD c:/program files (x86)/atmel/studio/7.0/toolchain/avr8/avr8-gnu-toolchain/bin/../lib/gcc/avr/5.4.0/../../../../avr/lib/avr5\libm.a
LOAD c:/program files (x86)/atmel/studio/7.0/toolchain/avr8/avr8-gnu-toolchain/bin/../lib/gcc/avr/5.4.0/../../../../avr/lib/avr5\libc.a
LOAD C:/Program Files (x86)/Atmel/Studio/7.0/Packs/atmel/ATmega_DFP/1.7.374/gcc/dev/atmega32a/avr5\libatmega32a.a
END GROUP
                [0x00000000]                __TEXT_REGION_ORIGIN__ = DEFINED (__TEXT_REGION_ORIGIN__)?__TEXT_REGION_ORIGIN__:0x0
                [0x00800060]                __DATA_REGION_ORIGIN__ = DEFINED (__DATA_REGION_ORIGIN__)?__DATA_REGION_ORIGIN__:0x800060
                [0x00008000]                __TEXT_REGION_LENGTH__ = DEFINED (__TEXT_REGION_LENGTH__)?__TEXT_REGION_LENGTH__:0x20000
                [0x00000800]                __DATA_REGION_LENGTH__ = DEFINED (__DATA_REGION_LENGTH__)?__DATA_REGION_LENGTH__:0xffa0
                [0x00000400]                __EEPROM_REGION_LENGTH__ = DEFINED (__EEPROM_REGION_LENGTH__)?__EEPROM_REGION_LENGTH__:0x10000
                [0x00000002]                __FUSE_REGION_LENGTH__ = DEFINED (__FUSE_REGION_LENGTH__)?__FUSE_REGION_LENGTH__:0x400
                0x00000400                __LOCK_REGION_LENGTH__ = DEFINED (__LOCK_REGION_LENGTH__)?__LOCK_REGION_LENGTH__:0x400
                0x00000400                __SIGNATURE_REGION_LENGTH__ = DEFINED (__SIGNATURE_REGION_LENGTH__)?__SIGNATURE_REGION_LENGTH__:0x400
                0x00000400                __USER_SIGNATURE_REGION_LENGTH__ = DEFINED (__USER_SIGNATURE_REGION_LENGTH__)?__USER_SIGNATURE_REGION_LENGTH__:0x400

.hash
 *(.hash)

.dynsym
 *(.dynsym)

.dynstr
 *(.dynstr)

.gnu.version
 *(.gnu.version)

.gnu.version_d
 *(.gnu.version_d)

.gnu.version_r
 *(.gnu.version_r)

.rel.init
 *(.rel.init)

.rela.init
 *(.rela.init)

.rel.text
 *(.rel.text)
 *(.rel.text.*)
 *(.rel.gnu.linkonce.t*)

.rela.text
 *(.rela.text)
 *(.rela.text.*)
 *(.rela.gnu.linkonce.t*)

.rel.fini
 *(.rel.fini)

.rela.fini
 *(.rela.fini)

.rel.rodata
 *(.rel.rodata)
 *(.rel.rodata.*)
 *(.rel.gnu.linkonce.r*)

.rela.rodata
 *(.rela.rodata)
 *(.rela.rodata.*)
 *(.rela.gnu.linkonce.r*)

.rel.data
 *(.rel.data)
 *(.rel.data.*)
 *(.rel.gnu.linkonce.d*)

.rela.data
 *(.rela.data)
 *(.rela.data.*)
 *(.rela.gnu.linkonce.d*)

.rel.ctors
 *(.rel.ctors)

.rela.ctors
 *(.rela.ctors)

.rel.dtors
 *(.rel.dtors)

.rela.dtors
 *(.rela.dtors)

.rel.got
 *(.rel.got)

.rela.got
 *(.rela.got)

.rel.bss
 *(.rel.bss)

.rela.bss
 *(.rela.bss)

.rel.plt
 *(.rel.plt)

.rela.plt
 *(.rela.plt)

.text           0x00000000      0x60e
 *(.vectors)
 .vectors       0x00000000       0x54 C:/Program Files (x86)/Atmel/Studio/7.0/Packs/atmel/ATmega_DFP/1.7.374/gcc/dev/atmega32a/avr5/crtatmega32a.o
                0x00000000                __vector_default
                0x00000000                __vectors
 *(.vectors)
 *(.progmem.gcc*)
                0x00000054                . = ALIGN (0x2)
                0x00000054                __trampolines_start = .
 *(.trampolines)
 .trampolines   0x00000054        0x0 linker stubs
 *(.trampolines*)
                0x00000054                __trampolines_end = .
 *libprintf_flt.a:*(.progmem.data)
 *libc.a:*(.progmem.data)
 *(.progmem*)
                0x00000054                . = ALIGN (0x2)
 *(.jumptables)
 *(.jumptables*)
 *(.lowtext)
 *(.lowtext*)
                0x00000054                __ctors_start = .
 *(.ctors)
                0x00000054                __ctors_end = .
                0x00000054                __dtors_start = .
 *(.dtors)
                0x00000054                __dtors_end = .
 SORT(*)(.ctors)
 SORT(*)(.dtors)
 *(.init0)
 .init0         0x00000054        0x0 C:/Program Files (x86)/Atmel/Studio/7.0/Packs/atmel/ATmega_DFP/1.7.374/gcc/dev/atmega32a/avr5/crtatmega32a.o
                0x00000054                __init
 *(.init0)
 *(.init1)
 *(.init1)
 *(.init2)
 .init2         0x00000054        0xc C:/Program Files (x86)/Atmel/Studio/7.0/Packs/atmel/ATmega_DFP/1.7.374/gcc/dev/atmega32a/avr5/crtatmega32a.o
 *(.init2)
 *(.init3)
 *(.init3)
 *(.init4)
 .init4         0x00000060       0x10 c:/program files (x86)/atmel/studio/7.0/toolchain/avr8/avr8-gnu-toolchain/bin/../lib/gcc/avr/5.4.0/avr5\libgcc.a(_clear_bss.o)
                0x00000060                __do_clear_bss
 *(.init4)
 *(.init5)
 *(.init5)
 *(.init6)
 *(.init6)
 *(.init7)
 *(.init7)
 *(.init8)
 *(.init8)
 *(.init9)
 .init9         0x00000070        0x8 C:/Program Files (x86)/Atmel/Studio/7.0/Packs/atmel/ATmega_DFP/1.7.374/gcc/dev/atmega32a/avr5/crtatmega32a.o
 *(.init9)
 *(.text)
 .text          0x00000078        0x4 C:/Program Files (x86)/Atmel/Studio/7.0/Packs/atmel/ATmega_DFP/1.7.374/gcc/dev/atmega32a/avr5/crtatmega32a.o
                0x00000078                __vector_12
                0x00000078                __bad_interrupt
                0x00000078                __vector_6
                0x00000078                __vector_3
                0x00000078                __vector_13
                0x00000078                __vector_17
                0x00000078                __vector_19
                0x00000078                __vector_7
                0x00000078                __vector_4
                0x00000078                __vector_9
                0x00000078                __vector_2
                0x00000078                __vector_15
                0x00000078                __vector_8
                0x00000078                __vector_14
                0x00000078                __vector_10
                0x00000078                __vector_16
                0x00000078                __vector_18
                0x00000078                __vector_20
                0x0000007c                . = ALIGN (0x2)
 *(.text.*)
 .text.__vector_11
                0x0000007c       0x92 Application/app.o
                0x0000007c                __vector_11
 .text.__vector_5
                0x0000010e       0x22 Application/app.o
                0x0000010e                __vector_5
 .text.__vector_1
                0x00000130       0x8a Application/app.o
                0x00000130                __vector_1
 .text.LED_toggle
                0x000001ba        0x6 ECUAL/LED_Driver/LED.o
                0x000001ba                LED_toggle
 .text.main     0x000001c0        0xa main.o
                0x000001c0                main
 .text.DIO_init
                0x000001ca      0x112 MCAL/DIO_Driver/DIO.o
                0x000001ca                DIO_init
 .text.DIO_write
                0x000002dc      0x112 MCAL/DIO_Driver/DIO.o
                0x000002dc                DIO_write
 .text.DIO_toggle
                0x000003ee       0x7e MCAL/DIO_Driver/DIO.o
                0x000003ee                DIO_toggle
 .text.TIMER0_0_initialization
                0x0000046c       0x26 MCAL/Timer_Driver/Timers.o
                0x0000046c                TIMER0_0_initialization
 .text.TIMER_0_Start
                0x00000492       0x84 MCAL/Timer_Driver/Timers.o
                0x00000492                TIMER_0_Start
 .text.TIMER0_stop
                0x00000516        0x4 MCAL/Timer_Driver/Timers.o
                0x00000516                TIMER0_stop
 .text.TIMER0_delay
                0x0000051a       0x30 MCAL/Timer_Driver/Timers.o
                0x0000051a                TIMER0_delay
 .text.TIMER2_start
                0x0000054a       0x80 MCAL/Timer_Driver/Timers.o
                0x0000054a                TIMER2_start
 .text.TIMER2_stop
                0x000005ca        0x4 MCAL/Timer_Driver/Timers.o
                0x000005ca                TIMER2_stop
 .text.test_init
                0x000005ce       0x12 Test/test.o
                0x000005ce                test_init
 .text.test_start
                0x000005e0       0x2a Test/test.o
                0x000005e0                test_start
                0x0000060a                . = ALIGN (0x2)
 *(.fini9)
 .fini9         0x0000060a        0x0 c:/program files (x86)/atmel/studio/7.0/toolchain/avr8/avr8-gnu-toolchain/bin/../lib/gcc/avr/5.4.0/avr5\libgcc.a(_exit.o)
                0x0000060a                _exit
                0x0000060a                exit
 *(.fini9)
 *(.fini8)
 *(.fini8)
 *(.fini7)
 *(.fini7)
 *(.fini6)
 *(.fini6)
 *(.fini5)
 *(.fini5)
 *(.fini4)
 *(.fini4)
 *(.fini3)
 *(.fini3)
 *(.fini2)
 *(.fini2)
 *(.fini1)
 *(.fini1)
 *(.fini0)
 .fini0         0x0000060a        0x4 c:/program files (x86)/atmel/studio/7.0/toolchain/avr8/avr8-gnu-toolchain/bin/../lib/gcc/avr/5.4.0/avr5\libgcc.a(_exit.o)
 *(.fini0)
                0x0000060e                _etext = .

.data           0x00800060        0x0 load address 0x0000060e
                [!provide]                PROVIDE (__data_start, .)
 *(.data)
 *(.data*)
 *(.gnu.linkonce.d*)
 *(.rodata)
 *(.rodata*)
 *(.gnu.linkonce.r*)
                0x00800060                . = ALIGN (0x2)
                0x00800060                _edata = .
                [!provide]                PROVIDE (__data_end, .)

.bss            0x00800060        0x6
                0x00800060                PROVIDE (__bss_start, .)
 *(.bss)
 *(.bss*)
 .bss.button_flag
                0x00800060        0x1 Application/app.o
                0x00800060                button_flag
 .bss.Blinking_yellow_flag
                0x00800061        0x1 Application/app.o
                0x00800061                Blinking_yellow_flag
 .bss.Cars_Signals
                0x00800062        0x1 Application/app.o
                0x00800062                Cars_Signals
 .bss.Counter_seconds
                0x00800063        0x1 Application/app.o
                0x00800063                Counter_seconds
 .bss.overflow_counter_2
                0x00800064        0x1 Application/app.o
                0x00800064                overflow_counter_2
 .bss.overflow_counter_1
                0x00800065        0x1 Application/app.o
                0x00800065                overflow_counter_1
 *(COMMON)
                0x00800066                PROVIDE (__bss_end, .)
                0x0000060e                __data_load_start = LOADADDR (.data)
                0x0000060e                __data_load_end = (__data_load_start + SIZEOF (.data))

.noinit         0x00800066        0x0
                [!provide]                PROVIDE (__noinit_start, .)
 *(.noinit*)
                [!provide]                PROVIDE (__noinit_end, .)
                0x00800066                _end = .
                [!provide]                PROVIDE (__heap_start, .)

.eeprom         0x00810000        0x0
 *(.eeprom*)
                0x00810000                __eeprom_end = .

.fuse
 *(.fuse)
 *(.lfuse)
 *(.hfuse)
 *(.efuse)

.lock
 *(.lock*)

.signature
 *(.signature*)

.user_signatures
 *(.user_signatures*)

.stab
 *(.stab)

.stabstr
 *(.stabstr)

.stab.excl
 *(.stab.excl)

.stab.exclstr
 *(.stab.exclstr)

.stab.index
 *(.stab.index)

.stab.indexstr
 *(.stab.indexstr)

.comment        0x00000000       0x30
 *(.comment)
 .comment       0x00000000       0x30 Application/app.o
                                 0x31 (size before relaxing)
 .comment       0x00000030       0x31 ECUAL/LED_Driver/LED.o
 .comment       0x00000030       0x31 main.o
 .comment       0x00000030       0x31 MCAL/DIO_Driver/DIO.o
 .comment       0x00000030       0x31 MCAL/Timer_Driver/Timers.o
 .comment       0x00000030       0x31 Test/test.o

.note.gnu.avr.deviceinfo
                0x00000000       0x3c
 .note.gnu.avr.deviceinfo
                0x00000000       0x3c C:/Program Files (x86)/Atmel/Studio/7.0/Packs/atmel/ATmega_DFP/1.7.374/gcc/dev/atmega32a/avr5/crtatmega32a.o

.note.gnu.build-id
 *(.note.gnu.build-id)

.debug
 *(.debug)

.line
 *(.line)

.debug_srcinfo
 *(.debug_srcinfo)

.debug_sfnames
 *(.debug_sfnames)

.debug_aranges  0x00000000      0x158
 *(.debug_aranges)
 .debug_aranges
                0x00000000       0x48 Application/app.o
 .debug_aranges
                0x00000048       0x38 ECUAL/LED_Driver/LED.o
 .debug_aranges
                0x00000080       0x20 main.o
 .debug_aranges
                0x000000a0       0x38 MCAL/DIO_Driver/DIO.o
 .debug_aranges
                0x000000d8       0x58 MCAL/Timer_Driver/Timers.o
 .debug_aranges
                0x00000130       0x28 Test/test.o

.debug_pubnames
 *(.debug_pubnames)

.debug_info     0x00000000     0x11ce
 *(.debug_info .gnu.linkonce.wi.*)
 .debug_info    0x00000000      0x4e6 C:/Program Files (x86)/Atmel/Studio/7.0/Packs/atmel/ATmega_DFP/1.7.374/gcc/dev/atmega32a/avr5/crtatmega32a.o
 .debug_info    0x000004e6      0x537 Application/app.o
 .debug_info    0x00000a1d      0x1e7 ECUAL/LED_Driver/LED.o
 .debug_info    0x00000c04       0x7d main.o
 .debug_info    0x00000c81      0x187 MCAL/DIO_Driver/DIO.o
 .debug_info    0x00000e08      0x25a MCAL/Timer_Driver/Timers.o
 .debug_info    0x00001062      0x16c Test/test.o

.debug_abbrev   0x00000000      0x892
 *(.debug_abbrev)
 .debug_abbrev  0x00000000      0x4a3 C:/Program Files (x86)/Atmel/Studio/7.0/Packs/atmel/ATmega_DFP/1.7.374/gcc/dev/atmega32a/avr5/crtatmega32a.o
 .debug_abbrev  0x000004a3      0x10a Application/app.o
 .debug_abbrev  0x000005ad       0x8b ECUAL/LED_Driver/LED.o
 .debug_abbrev  0x00000638       0x5d main.o
 .debug_abbrev  0x00000695       0x7a MCAL/DIO_Driver/DIO.o
 .debug_abbrev  0x0000070f       0xee MCAL/Timer_Driver/Timers.o
 .debug_abbrev  0x000007fd       0x95 Test/test.o

.debug_line     0x00000000      0xb6d
 *(.debug_line .debug_line.* .debug_line_end)
 .debug_line    0x00000000      0x116 C:/Program Files (x86)/Atmel/Studio/7.0/Packs/atmel/ATmega_DFP/1.7.374/gcc/dev/atmega32a/avr5/crtatmega32a.o
 .debug_line    0x00000116      0x370 Application/app.o
 .debug_line    0x00000486      0x10b ECUAL/LED_Driver/LED.o
 .debug_line    0x00000591       0x5d main.o
 .debug_line    0x000005ee      0x1d9 MCAL/DIO_Driver/DIO.o
 .debug_line    0x000007c7      0x2d9 MCAL/Timer_Driver/Timers.o
 .debug_line    0x00000aa0       0xcd Test/test.o

.debug_frame    0x00000000      0x2b8
 *(.debug_frame)
 .debug_frame   0x00000000      0x114 Application/app.o
 .debug_frame   0x00000114       0x54 ECUAL/LED_Driver/LED.o
 .debug_frame   0x00000168       0x24 main.o
 .debug_frame   0x0000018c       0x54 MCAL/DIO_Driver/DIO.o
 .debug_frame   0x000001e0       0xa4 MCAL/Timer_Driver/Timers.o
 .debug_frame   0x00000284       0x34 Test/test.o

.debug_str      0x00000000      0x5ab
 *(.debug_str)
 .debug_str     0x00000000      0x196 C:/Program Files (x86)/Atmel/Studio/7.0/Packs/atmel/ATmega_DFP/1.7.374/gcc/dev/atmega32a/avr5/crtatmega32a.o
 .debug_str     0x00000196      0x2a1 Application/app.o
                                0x2ba (size before relaxing)
 .debug_str     0x00000437       0x49 ECUAL/LED_Driver/LED.o
                                0x1f0 (size before relaxing)
 .debug_str     0x00000480       0x26 main.o
                                0x139 (size before relaxing)
 .debug_str     0x000004a6       0x4f MCAL/DIO_Driver/DIO.o
                                0x1f1 (size before relaxing)
 .debug_str     0x000004f5       0xa7 MCAL/Timer_Driver/Timers.o
                                0x281 (size before relaxing)
 .debug_str     0x0000059c        0xf Test/test.o
                                0x1d8 (size before relaxing)

.debug_loc      0x00000000      0xcf2
 *(.debug_loc)
 .debug_loc     0x00000000      0x1d2 Application/app.o
 .debug_loc     0x000001d2      0x108 ECUAL/LED_Driver/LED.o
 .debug_loc     0x000002da      0x690 MCAL/DIO_Driver/DIO.o
 .debug_loc     0x0000096a      0x388 MCAL/Timer_Driver/Timers.o

.debug_macinfo
 *(.debug_macinfo)

.debug_weaknames
 *(.debug_weaknames)

.debug_funcnames
 *(.debug_funcnames)

.debug_typenames
 *(.debug_typenames)

.debug_varnames
 *(.debug_varnames)

.debug_pubtypes
 *(.debug_pubtypes)

.debug_ranges   0x00000000       0xf8
 *(.debug_ranges)
 .debug_ranges  0x00000000       0x38 Application/app.o
 .debug_ranges  0x00000038       0x28 ECUAL/LED_Driver/LED.o
 .debug_ranges  0x00000060       0x10 main.o
 .debug_ranges  0x00000070       0x28 MCAL/DIO_Driver/DIO.o
 .debug_ranges  0x00000098       0x48 MCAL/Timer_Driver/Timers.o
 .debug_ranges  0x000000e0       0x18 Test/test.o

.debug_macro
 *(.debug_macro)
OUTPUT(On demand Traffic light control.elf elf32-avr)
LOAD linker stubs
